// Jest Snapshot v1, https://goo.gl/fbAQLP

exports[`Should render not found page correctly 1`] = `
<div>
  404!- 
  <Link
    to="/"
  >
    Go Home
  </Link>
</div>
`;
